Execution start: 2025-02-16 15:53:53.291845
{
    "name": "train_pipeline",
    "steps": [
        {
            "step_name": "preproc",
            "script_name": "preproc",
            "config": "preproc_train.json"
        },
        {
            "step_name": "train",
            "script_name": "train",
            "config": "train_per_word.json"
        },
        {
            "step_name": "hrg",
            "script_name": "hrg",
            "config": "hrg.json"
        }
    ]
}

Script name: pipeline

Processing step preproc: 2025-02-16 15:53:53.292024
Processing step train: 2025-02-16 19:10:17.176388
