Execution start: 2025-02-16 21:42:00.951920
{
    "in_dir": "train_preproc",
    "method": "per_word",
    "out_dir": "hrg"
}

Script name: train


Number of no rules: 0
[]
Number of not validated: 0
[]
Number of not all rules used: 13
[3299, 16536, 21953, 25063, 25609, 26213, 26858, 28889, 29525, 36543, 38121, 43182, 45098]
Number of not all nodes covered: 0
[]
Number of parse did not finish: 244
[59, 295, 520, 521, 729, 2425, 4549, 4550, 4577, 5283, 5536, 5654, 5767, 6000, 6682, 6764, 6998, 7045, 7249, 7652, 8385, 9692, 9702, 9831, 10429, 10585, 10586, 10587, 11017, 11189, 11865, 11866, 11867, 11891, 11897, 12226, 13355, 13356, 13357, 13913, 14311, 14610, 14623, 14624, 14645, 14771, 14772, 14773, 14790, 14915, 15023, 15117, 15216, 15651, 15752, 16473, 16491, 16662, 16710, 16713, 17530, 17946, 17975, 18079, 18361, 18362, 18373, 18374, 18581, 19643, 20088, 20555, 20742, 20749, 20756, 20958, 22304, 22451, 22509, 23284, 23439, 23533, 23770, 23876, 23885, 23904, 24197, 24780, 25157, 25161, 25164, 25194, 25335, 25336, 25429, 25489, 25518, 25903, 25945, 26003, 26161, 26493, 26516, 26517, 26587, 27129, 27252, 27336, 27365, 27678, 27882, 27923, 27932, 28043, 28093, 28105, 28158, 28258, 28426, 28608, 28714, 28744, 28957, 29039, 29115, 29378, 29442, 29478, 29519, 29687, 29688, 29689, 29873, 29914, 29991, 29998, 30181, 30230, 30551, 30604, 30608, 30630, 30835, 30956, 30981, 31084, 31106, 31312, 31432, 31709, 31710, 32041, 32178, 32180, 33069, 33325, 33370, 33405, 33837, 33985, 33986, 34363, 34426, 34522, 34554, 34818, 34841, 34852, 35017, 35061, 35235, 35337, 35361, 35481, 35593, 35895, 36046, 36157, 36329, 36343, 36711, 36844, 36883, 36884, 37116, 37225, 37339, 37342, 37364, 37682, 37750, 37981, 37982, 38172, 38463, 38464, 38660, 38797, 38798, 39138, 39449, 39451, 39825, 39897, 39934, 40042, 40061, 40453, 40455, 40519, 40520, 40521, 41668, 41669, 41747, 41751, 41773, 42434, 42435, 42488, 42519, 42525, 42934, 43004, 43069, 43336, 43346, 43655, 43910, 43911, 43941, 43957, 44006, 44714, 44878, 44893, 45002, 45010, 45044, 45337, 45363, 45722, 45754, 45808]
Number of cky conversion did not finish: 42
[1208, 3307, 3328, 3425, 4056, 4258, 4699, 7140, 7141, 9567, 9570, 10639, 12724, 13488, 15076, 16993, 18492, 18494, 22833, 25128, 27010, 27388, 27887, 28396, 29073, 30866, 31221, 32310, 35583, 37236, 37246, 37895, 37971, 38430, 40089, 40090, 41806, 42555, 43101, 44617, 44618, 45163]

First sentence to process: 0
Last sentence to process: 46015

Execution finish: 2025-02-17 06:57:12.819550
Elapsed time: 555 min 12 sec

