All triplets: 1263
Validated triplets: 942
Not validated: 78
[(11, 1), (49, 0), (49, 1), (53, 0), (53, 1), (55, 0), (55, 2), (58, 1), (69, 1), (78, 1), (82, 0), (82, 2), (90, 0), (91, 1), (93, 1), (104, 0), (128, 0), (137, 2), (138, 0), (147, 0), (152, 0), (154, 0), (159, 1), (180, 1), (182, 2), (184, 0), (196, 0), (215, 2), (219, 1), (249, 1), (286, 1), (289, 1), (314, 1), (317, 0), (317, 1), (323, 1), (333, 0), (336, 2), (338, 1), (338, 2), (342, 0), (347, 2), (358, 1), (362, 1), (365, 3), (379, 0), (379, 1), (381, 0), (426, 1), (431, 1), (441, 0), (444, 0), (445, 0), (456, 0), (461, 0), (467, 1), (469, 0), (471, 1), (476, 0), (486, 1), (495, 3), (497, 0), (501, 1), (508, 4), (523, 2), (524, 3), (535, 0), (550, 0), (552, 1), (567, 1), (569, 0), (572, 2), (595, 1), (602, 0), (613, 2), (616, 0), (633, 0), (634, 0)]
Arg2+: 0
[]
Unconnected span: 50
[(66, 0), (119, 1), (148, 1), (154, 0), (166, 2), (196, 0), (301, 1), (314, 1), (376, 1), (381, 0), (388, 0), (393, 0), (397, 2), (405, 0), (409, 0), (419, 0), (421, 0), (428, 0), (431, 1), (441, 0), (443, 0), (453, 0), (454, 3), (456, 0), (464, 0), (467, 1), (469, 0), (470, 1), (471, 1), (471, 2), (474, 0), (474, 0), (474, 1), (493, 0), (495, 3), (497, 2), (521, 1), (523, 0), (524, 4), (525, 2), (531, 0), (544, 0), (557, 0), (569, 0), (591, 0), (591, 1), (611, 0), (613, 0), (613, 2), (626, 1)]
Duplicate index: 220
[(0, 0), (0, 1), (0, 2), (2, 2), (6, 0), (12, 0), (12, 2), (13, 1), (17, 0), (19, 0), (21, 0), (23, 1), (25, 3), (26, 1), (27, 1), (33, 1), (40, 2), (43, 1), (43, 2), (45, 0), (47, 0), (47, 1), (48, 0), (50, 1), (61, 1), (63, 0), (65, 1), (70, 0), (71, 1), (74, 1), (75, 0), (76, 0), (85, 1), (85, 3), (87, 0), (91, 0), (94, 0), (97, 2), (102, 0), (107, 1), (110, 0), (117, 1), (117, 2), (124, 0), (125, 0), (127, 0), (138, 2), (139, 0), (141, 0), (143, 0), (143, 2), (144, 1), (145, 0), (148, 0), (150, 0), (155, 1), (158, 0), (162, 0), (168, 1), (170, 1), (171, 0), (173, 0), (177, 0), (178, 1), (180, 0), (181, 1), (186, 1), (194, 1), (196, 2), (196, 3), (201, 0), (203, 0), (208, 1), (212, 1), (213, 0), (213, 1), (221, 2), (224, 1), (225, 0), (227, 1), (229, 0), (230, 1), (231, 0), (232, 0), (233, 1), (237, 0), (237, 2), (238, 1), (239, 1), (240, 1), (244, 1), (245, 0), (246, 1), (249, 0), (252, 0), (254, 0), (256, 0), (262, 0), (262, 1), (274, 1), (278, 2), (283, 0), (289, 0), (291, 0), (296, 0), (299, 1), (300, 2), (301, 0), (301, 1), (304, 0), (307, 0), (308, 0), (313, 1), (314, 0), (315, 0), (316, 2), (320, 1), (321, 1), (322, 0), (325, 0), (328, 0), (334, 1), (335, 1), (340, 1), (341, 0), (350, 0), (350, 1), (350, 2), (352, 0), (352, 1), (357, 0), (360, 1), (361, 0), (363, 0), (365, 1), (370, 1), (373, 1), (374, 0), (377, 1), (378, 0), (380, 2), (381, 1), (385, 1), (386, 1), (397, 0), (399, 0), (402, 1), (402, 3), (402, 4), (402, 6), (404, 0), (419, 1), (420, 2), (422, 0), (422, 2), (424, 1), (424, 4), (428, 0), (428, 2), (433, 0), (437, 0), (440, 0), (440, 1), (441, 1), (443, 2), (444, 1), (449, 0), (461, 1), (462, 1), (463, 1), (473, 0), (479, 0), (483, 0), (492, 2), (494, 0), (494, 2), (495, 1), (497, 1), (508, 2), (518, 0), (524, 0), (524, 4), (529, 1), (533, 0), (533, 1), (539, 0), (541, 0), (545, 2), (546, 1), (550, 1), (550, 2), (554, 0), (557, 1), (569, 1), (570, 0), (573, 0), (573, 1), (580, 1), (582, 2), (585, 2), (586, 1), (590, 1), (591, 0), (594, 0), (603, 1), (604, 0), (604, 1), (606, 1), (609, 1), (613, 0), (615, 0), (620, 2), (620, 3), (621, 1), (622, 0), (623, 0), (628, 0), (628, 2), (630, 0), (630, 2)]
Subject not NP: 50
[(3, 0), (43, 0), (49, 0), (49, 1), (55, 0), (55, 2), (59, 2), (69, 2), (75, 1), (84, 1), (119, 1), (135, 0), (137, 2), (184, 0), (196, 0), (214, 0), (214, 1), (235, 0), (243, 1), (249, 1), (253, 0), (253, 1), (286, 1), (309, 0), (324, 0), (334, 2), (365, 3), (376, 1), (417, 1), (424, 0), (453, 0), (466, 0), (467, 1), (484, 0), (484, 1), (494, 3), (497, 2), (510, 2), (516, 0), (517, 2), (524, 2), (525, 2), (526, 1), (538, 0), (550, 0), (551, 0), (551, 1), (576, 1), (608, 1), (612, 1)]
Object not NP: 230
[(3, 0), (5, 0), (12, 1), (13, 0), (18, 1), (19, 1), (19, 2), (24, 1), (25, 0), (29, 0), (35, 0), (53, 1), (55, 1), (57, 0), (64, 0), (65, 0), (65, 2), (66, 0), (68, 0), (69, 2), (79, 0), (82, 0), (82, 2), (84, 0), (88, 1), (91, 1), (93, 1), (95, 0), (98, 1), (101, 0), (109, 0), (112, 1), (116, 1), (116, 2), (122, 0), (124, 1), (128, 0), (131, 0), (131, 1), (133, 0), (133, 1), (136, 0), (137, 1), (138, 1), (141, 1), (146, 0), (147, 0), (152, 0), (154, 1), (159, 1), (161, 0), (164, 1), (166, 2), (182, 1), (183, 1), (189, 0), (191, 0), (191, 1), (200, 0), (204, 1), (215, 1), (217, 0), (219, 0), (219, 1), (221, 0), (225, 1), (228, 1), (228, 2), (230, 0), (231, 1), (236, 0), (236, 1), (243, 0), (248, 1), (253, 1), (264, 0), (264, 1), (266, 0), (273, 1), (277, 1), (278, 0), (281, 0), (281, 1), (287, 0), (288, 1), (289, 1), (290, 0), (290, 1), (302, 0), (311, 0), (314, 1), (315, 1), (316, 0), (317, 0), (318, 0), (318, 1), (319, 0), (319, 3), (320, 0), (322, 1), (326, 0), (327, 0), (327, 1), (329, 0), (333, 1), (334, 0), (336, 1), (347, 2), (353, 0), (353, 1), (357, 2), (362, 1), (365, 3), (367, 0), (377, 0), (379, 1), (384, 0), (384, 1), (387, 1), (388, 1), (389, 0), (390, 0), (391, 0), (393, 0), (400, 0), (405, 0), (410, 0), (410, 1), (412, 0), (418, 1), (425, 1), (426, 0), (427, 1), (430, 1), (431, 1), (438, 0), (440, 2), (440, 3), (441, 0), (442, 1), (444, 0), (445, 0), (445, 1), (446, 0), (447, 0), (448, 0), (454, 1), (454, 2), (456, 1), (458, 0), (458, 1), (459, 0), (459, 1), (460, 0), (460, 1), (461, 0), (461, 2), (462, 2), (463, 0), (467, 1), (470, 0), (471, 0), (471, 2), (475, 0), (479, 1), (480, 1), (482, 1), (487, 0), (488, 0), (489, 0), (490, 1), (491, 0), (491, 1), (491, 2), (494, 1), (497, 0), (498, 1), (500, 0), (502, 1), (505, 0), (508, 1), (508, 3), (508, 4), (510, 1), (512, 2), (517, 1), (520, 1), (522, 0), (523, 2), (525, 0), (525, 1), (526, 1), (534, 1), (535, 0), (535, 1), (540, 0), (540, 1), (543, 0), (545, 1), (547, 1), (549, 0), (552, 1), (552, 2), (553, 0), (555, 0), (561, 0), (563, 0), (567, 1), (567, 2), (573, 2), (575, 0), (576, 0), (581, 0), (587, 0), (587, 1), (587, 2), (589, 0), (590, 0), (592, 0), (595, 1), (596, 2), (597, 1), (602, 0), (602, 1), (605, 1), (606, 2), (608, 1), (626, 2), (633, 2), (634, 0)]
Overlapping subgraph: 23
[(16, 0), (39, 0), (101, 0), (107, 0), (112, 1), (135, 0), (182, 0), (231, 1), (295, 0), (347, 3), (383, 0), (424, 0), (425, 1), (438, 0), (466, 0), (468, 0), (501, 0), (524, 2), (535, 1), (552, 2), (575, 1), (581, 0), (619, 1)]
Parse error: 0
[]
CKY error: 0
[]
Deriv error: 0
[]
Multiple derivations:
